2025/04/05 17:08:17 DFAST pipeline started. (version 1.3.6)
2025/04/05 17:08:17 Results will be generated into 'dfast_output'.
2025/04/05 17:08:17 Loading a genomic fasta file from abyssout/assembly-scaffolds.fa
2025/04/05 17:08:17 Genome source information: organism=, strain=
2025/04/05 17:08:19 The query genome is treated as a draft genome with 195 sequences.
2025/04/05 17:08:19 Sequences are sorted by length (from longer to shorter).
2025/04/05 17:08:19 Sequences shorter than 200 will be eliminated.
2025/04/05 17:08:19 Sequences will be renamed as sequence01, sequence02...
2025/04/05 17:08:19 Locus_tag settings: locus_tag_prefix=LOCUS and step=10.
2025/04/05 17:08:19 Locus_tags are assigned separately to each feature type. e.g. CDS: LOCUS_000xx, rRNA: LOCUS_r000xx, tRNA: LOCUS_t000xx, tmRNA: LOCUS_tm000xx.
2025/04/05 17:08:19 Remove_Partial_Feature is enabled.
2025/04/05 17:08:19 Remove_Overlapping_Feature is enabled. Priority: ['assembly_gap', 'CRISPR', ('tmRNA', 'tRNA', 'rRNA'), 'CDS']
2025/04/05 17:08:19 Initializing structural annotation tools... 
2025/04/05 17:08:19 GAPannotator initialized. (Version 1.0)
2025/04/05 17:08:19 Setting GAPannotator options. {'len_cutoff': 5, 'linkage_evidence': 'paired-ends', 'gap_type': 'within scaffold'}
2025/04/05 17:08:19 Checking MetaGeneAnnotator... 
2025/04/05 17:08:19 MetaGeneAnnotator initialized. (Version 2008/08/19)
2025/04/05 17:08:19 Setting MetaGeneAnnotator options. {'cmd_options': '-s', 'transl_table': 11}
2025/04/05 17:08:19 Checking Aragorn version... 
2025/04/05 17:08:19 Aragorn initialized. (Version 1.2.41)
2025/04/05 17:08:19 Setting Aragorn options. {'gcode': '-gcbact', 'cmd_options': '-l', 'transl_table': 11}
2025/04/05 17:08:19 Checking Barrnap version... 
2025/04/05 17:08:22 Barrnap initialized. (Version 0.9)
2025/04/05 17:08:22 Checking CRT version... 
2025/04/05 17:08:22 CRT initialized. (Version 1.2)
2025/04/05 17:08:22 Setting CRT options. {'jar_file': '/Users/fionashavilof/miniconda3/envs/genomeanalysis/opt/dfast-1.3.6/bin/common/CRT1.2-CLI.jar', 'java_options': '', 'cmd_options': ''}
2025/04/05 17:08:22 Checking Java version... 
2025/04/05 17:08:25 Java initialized. (Version 23.0.2)
2025/04/05 17:08:25 Initializing contig annotation tools... 
2025/04/05 17:08:25 Initializing annotation components... 
2025/04/05 17:08:25 DBsearch initialized.
2025/04/05 17:08:25 Setting DBsearch options. {'skipAnnotatedFeatures': True, 'evalue_cutoff': 1e-06, 'qcov_cutoff': 75, 'scov_cutoff': 75, 'pident_cutoff': 0, 'aligner': 'ghostx', 'aligner_options': {}, 'database': '/Users/fionashavilof/miniconda3/envs/genomeanalysis/opt/dfast-1.3.6/db/protein/DFAST-default.ref', 'db_name': ''}
2025/04/05 17:08:25 Checking GHOSTX version... 
2025/04/05 17:08:26 GHOSTX initialized. (Version 1.3.6)
2025/04/05 17:08:26 Reference DB loaded. 381721 sequences. [version=1.2.1, dbname=DFAST-default, contributor=yt,ddbj, modified=20240214]
2025/04/05 17:08:26 PseudoGeneDetection initialized.
2025/04/05 17:08:26 Setting PseudoGeneDetection options. {'cpu': 1, 'skipAnnotatedFeatures': False, 'extension': 300, 'scov_cutoff': 85, 'transl_table': 11}
2025/04/05 17:08:26 Checking lastdb version... 
2025/04/05 17:08:27 lastdb initialized. (Version 959)
2025/04/05 17:08:27 Setting lastdb options. {'cpu': 1, 'skipAnnotatedFeatures': False, 'extension': 300, 'scov_cutoff': 85, 'transl_table': 11}
2025/04/05 17:08:27 Checking lastal version... 
2025/04/05 17:08:27 lastal initialized. (Version 959)
2025/04/05 17:08:27 Setting lastal options. {'cpu': 1, 'skipAnnotatedFeatures': False, 'extension': 300, 'scov_cutoff': 85, 'transl_table': 11}
2025/04/05 17:08:27 Checking Blastp version... 
2025/04/05 17:08:31 Blastp initialized. (Version 2.16.0)
2025/04/05 17:08:31 HMMscan initialized.
2025/04/05 17:08:31 Setting HMMscan options. {'skipAnnotatedFeatures': True, 'evalue_cutoff': 1e-06, 'database': '/Users/fionashavilof/miniconda3/envs/genomeanalysis/opt/dfast-1.3.6/db/hmm/TIGRFAMs_15.0_HMM.LIB', 'db_name': 'TIGR', 'cmd_options': ''}
2025/04/05 17:08:31 Checking hmmscan version... 
2025/04/05 17:08:31 hmmscan initialized. (Version 3.4)
2025/04/05 17:08:31 Setting hmmscan options. {'skipAnnotatedFeatures': True, 'evalue_cutoff': 1e-06, 'database': '/Users/fionashavilof/miniconda3/envs/genomeanalysis/opt/dfast-1.3.6/db/hmm/TIGRFAMs_15.0_HMM.LIB', 'db_name': 'TIGR', 'cmd_options': ''}
2025/04/05 17:08:31 CDDsearch initialized.
2025/04/05 17:08:31 Setting CDDsearch options. {'skipAnnotatedFeatures': False, 'evalue_cutoff': 1e-06, 'database': '/Users/fionashavilof/miniconda3/envs/genomeanalysis/opt/dfast-1.3.6/db/cdd/Cog', 'rpsbproc_data': '/Users/fionashavilof/miniconda3/envs/genomeanalysis/opt/dfast-1.3.6/bin/common/rpsbproc_data'}
2025/04/05 17:08:31 Checking RPSblast version... 
2025/04/05 17:08:34 RPSblast initialized. (Version 2.16.0)
2025/04/05 17:08:34 Setting RPSblast options. {'skipAnnotatedFeatures': False, 'evalue_cutoff': 1e-06, 'database': '/Users/fionashavilof/miniconda3/envs/genomeanalysis/opt/dfast-1.3.6/db/cdd/Cog', 'rpsbproc_data': '/Users/fionashavilof/miniconda3/envs/genomeanalysis/opt/dfast-1.3.6/bin/common/rpsbproc_data'}
2025/04/05 17:08:34 Checking rpsbproc version... 
2025/04/05 17:08:35 rpsbproc initialized. (Version 0.1)
2025/04/05 17:08:35 Setting rpsbproc options. {'skipAnnotatedFeatures': False, 'evalue_cutoff': 1e-06, 'database': '/Users/fionashavilof/miniconda3/envs/genomeanalysis/opt/dfast-1.3.6/db/cdd/Cog', 'rpsbproc_data': '/Users/fionashavilof/miniconda3/envs/genomeanalysis/opt/dfast-1.3.6/bin/common/rpsbproc_data'}
2025/04/05 17:08:35 Start structural annotation process using 4 CPUs
2025/04/05 17:08:37 6 assembly_gap features were detected by GAPannotator.
2025/04/05 17:08:38 3816 CDS features were detected by MetaGeneAnnotator.
2025/04/05 17:08:38 66 tRNA features were detected by Aragorn.
2025/04/05 17:08:38 6 rRNA features were detected by Barrnap.
2025/04/05 17:08:38 0 CRISPR (later will be replaced by repeat_region) features were detected by CRT.
2025/04/05 17:08:38 Removed 4 overlapping features.
2025/04/05 17:08:38 Start executing functional annotation components.
2025/04/05 17:08:38 DBsearch will be performed using 4 CPUs.
2025/04/05 17:11:10 DBsearch done 1/4.
2025/04/05 17:11:10 DBsearch done 3/4.
2025/04/05 17:11:11 DBsearch done 4/4.
2025/04/05 17:11:11 DBsearch done 2/4.
2025/04/05 17:11:12 Last format DB will be performed using 1 CPUs.
2025/04/05 17:11:13 Last format DB done 1/1.
2025/04/05 17:11:13 Last alignment will be performed using 1 CPUs.
2025/04/05 17:11:14 Last alignment done 1/1.
2025/04/05 17:11:14 19 CDS features were marked as possible pseudo due to internal stop codons.
2025/04/05 17:11:14 15 CDS features were marked as possible pseudo due to frameshift.
2025/04/05 17:11:14 HMMscan will be performed using 4 CPUs.
2025/04/05 17:11:42 HMMscan done 2/4.
2025/04/05 17:11:42 HMMscan done 4/4.
2025/04/05 17:11:42 HMMscan done 1/4.
2025/04/05 17:11:42 HMMscan done 3/4.
2025/04/05 17:11:42 Collecting HMMscan results.
2025/04/05 17:11:42 RPSblast will be performed using 4 CPUs.
2025/04/05 17:12:38 RPSblast done 1/4.
2025/04/05 17:12:38 RPSblast done 3/4.
2025/04/05 17:12:40 RPSblast done 4/4.
2025/04/05 17:12:40 RPSblast done 2/4.
2025/04/05 17:12:40 rpsbproc will be performed using 4 CPUs.
2025/04/05 17:12:42 rpsbproc done 3/4.
2025/04/05 17:12:42 rpsbproc done 4/4.
2025/04/05 17:12:42 rpsbproc done 1/4.
2025/04/05 17:12:42 rpsbproc done 2/4.
2025/04/05 17:12:42 Start contig annotation process using 4 CPUs
2025/04/05 17:12:42 Partial CDS predicted at sequence03:[<0:5879](+) will be annotated as misc_feature
2025/04/05 17:12:42 Partial CDS predicted at sequence15:[<0:540](+) will be annotated as misc_feature
2025/04/05 17:12:42 Partial CDS predicted at sequence19:[<0:1548](+) will be annotated as misc_feature
2025/04/05 17:12:42 Partial CDS predicted at sequence19:[73328:>74876](-) will be annotated as misc_feature
2025/04/05 17:12:42 Partial CDS predicted at sequence27:[<0:537](+) will be annotated as misc_feature
2025/04/05 17:12:42 Partial CDS predicted at sequence35:[20237:>20903](-) will be annotated as misc_feature
2025/04/05 17:12:42 Partial CDS predicted at sequence50:[2823:>4824](-) will be annotated as misc_feature
2025/04/05 17:12:42 Removed 64 partial features.
2025/04/05 17:12:42 Assigning locus_tags to CDS, rRNA, tRNA, tmRNA
2025/04/05 17:12:43 Setting output verbosity level to 3.
2025/04/05 17:12:43 Writing a genome fasta file to dfast_output/genome.fna
2025/04/05 17:12:43 Writing a CDS fasta file to dfast_output/cds.fna
2025/04/05 17:12:43 Writing a protein fasta file to dfast_output/protein.faa
2025/04/05 17:12:43 Writing an RNA fasta file to dfast_output/rna.fna
2025/04/05 17:12:43 Writing a GFF file to dfast_output/genome.gff
2025/04/05 17:12:43 Writing a GenBank format file to dfast_output/genome.gbk
2025/04/05 17:12:43 Writing an EMBL format file to dfast_output/genome.embl
2025/04/05 17:12:44 Writing a DDBJ annotation file to dfast_output/ddbj/mss.ann
2025/04/05 17:12:44 Writing a DDBJ sequence file to dfast_output/ddbj/mss.fasta
2025/04/05 17:12:45 [Experimental] DFAST Record JSON will not be generated. Please install dr_tools and use Python>=3.10.
2025/04/05 17:12:45 DFAST pipeline completed!
2025/04/05 17:12:45 Total running time: 0h4m28s
